[2024-06-18T00:56:36.099+0400][gc] Using G1
[2024-06-18T00:56:36.101+0400][gc,init] Version: 17.0.10+11-LTS-240 (release)
[2024-06-18T00:56:36.101+0400][gc,init] CPUs: 8 total, 8 available
[2024-06-18T00:56:36.101+0400][gc,init] Memory: 8192M
[2024-06-18T00:56:36.101+0400][gc,init] Large Page Support: Disabled
[2024-06-18T00:56:36.101+0400][gc,init] NUMA Support: Disabled
[2024-06-18T00:56:36.101+0400][gc,init] Compressed Oops: Enabled (Zero based)
[2024-06-18T00:56:36.101+0400][gc,init] Heap Region Size: 1M
[2024-06-18T00:56:36.101+0400][gc,init] Heap Min Capacity: 1G
[2024-06-18T00:56:36.101+0400][gc,init] Heap Initial Capacity: 1G
[2024-06-18T00:56:36.101+0400][gc,init] Heap Max Capacity: 1G
[2024-06-18T00:56:36.101+0400][gc,init] Pre-touch: Disabled
[2024-06-18T00:56:36.101+0400][gc,init] Parallel Workers: 8
[2024-06-18T00:56:36.101+0400][gc,init] Concurrent Workers: 2
[2024-06-18T00:56:36.101+0400][gc,init] Concurrent Refinement Workers: 8
[2024-06-18T00:56:36.101+0400][gc,init] Periodic GC: Disabled
[2024-06-18T00:56:36.104+0400][gc,metaspace] CDS archive(s) mapped at: [0x000000b000000000-0x000000b000be0000-0x000000b000be0000), size 12451840, SharedBaseAddress: 0x000000b000000000, ArchiveRelocationMode: 1.
[2024-06-18T00:56:36.104+0400][gc,metaspace] Compressed class space mapped at: 0x000000b001000000-0x000000b041000000, reserved size: 1073741824
[2024-06-18T00:56:36.104+0400][gc,metaspace] Narrow klass base: 0x000000b000000000, Narrow klass shift: 0, Narrow klass range: 0x100000000
[2024-06-18T00:56:36.734+0400][gc,start    ] GC(0) Pause Young (Normal) (G1 Evacuation Pause)
[2024-06-18T00:56:36.734+0400][gc,task     ] GC(0) Using 8 workers of 8 for evacuation
[2024-06-18T00:56:36.737+0400][gc,phases   ] GC(0)   Pre Evacuate Collection Set: 0.1ms
[2024-06-18T00:56:36.737+0400][gc,phases   ] GC(0)   Merge Heap Roots: 0.0ms
[2024-06-18T00:56:36.737+0400][gc,phases   ] GC(0)   Evacuate Collection Set: 2.2ms
[2024-06-18T00:56:36.737+0400][gc,phases   ] GC(0)   Post Evacuate Collection Set: 0.2ms
[2024-06-18T00:56:36.737+0400][gc,phases   ] GC(0)   Other: 0.2ms
[2024-06-18T00:56:36.737+0400][gc,heap     ] GC(0) Eden regions: 51->0(44)
[2024-06-18T00:56:36.737+0400][gc,heap     ] GC(0) Survivor regions: 0->7(7)
[2024-06-18T00:56:36.737+0400][gc,heap     ] GC(0) Old regions: 0->1
[2024-06-18T00:56:36.737+0400][gc,heap     ] GC(0) Archive regions: 2->2
[2024-06-18T00:56:36.737+0400][gc,heap     ] GC(0) Humongous regions: 0->0
[2024-06-18T00:56:36.737+0400][gc,metaspace] GC(0) Metaspace: 17953K(18176K)->17953K(18176K) NonClass: 15811K(15936K)->15811K(15936K) Class: 2141K(2240K)->2141K(2240K)
[2024-06-18T00:56:36.737+0400][gc          ] GC(0) Pause Young (Normal) (G1 Evacuation Pause) 51M->8M(1024M) 2.832ms
[2024-06-18T00:56:36.737+0400][gc,cpu      ] GC(0) User=0.01s Sys=0.00s Real=0.00s
[2024-06-18T00:56:36.932+0400][gc,start    ] GC(1) Pause Young (Concurrent Start) (Metadata GC Threshold)
[2024-06-18T00:56:36.932+0400][gc,task     ] GC(1) Using 8 workers of 8 for evacuation
[2024-06-18T00:56:36.936+0400][gc,phases   ] GC(1)   Pre Evacuate Collection Set: 0.1ms
[2024-06-18T00:56:36.936+0400][gc,phases   ] GC(1)   Merge Heap Roots: 0.0ms
[2024-06-18T00:56:36.936+0400][gc,phases   ] GC(1)   Evacuate Collection Set: 3.4ms
[2024-06-18T00:56:36.936+0400][gc,phases   ] GC(1)   Post Evacuate Collection Set: 0.7ms
[2024-06-18T00:56:36.936+0400][gc,phases   ] GC(1)   Other: 0.2ms
[2024-06-18T00:56:36.936+0400][gc,heap     ] GC(1) Eden regions: 15->0(48)
[2024-06-18T00:56:36.936+0400][gc,heap     ] GC(1) Survivor regions: 7->3(7)
[2024-06-18T00:56:36.936+0400][gc,heap     ] GC(1) Old regions: 1->8
[2024-06-18T00:56:36.936+0400][gc,heap     ] GC(1) Archive regions: 2->2
[2024-06-18T00:56:36.936+0400][gc,heap     ] GC(1) Humongous regions: 129->129
[2024-06-18T00:56:36.936+0400][gc,metaspace] GC(1) Metaspace: 21317K(21504K)->21317K(21504K) NonClass: 18733K(18816K)->18733K(18816K) Class: 2584K(2688K)->2584K(2688K)
[2024-06-18T00:56:36.936+0400][gc          ] GC(1) Pause Young (Concurrent Start) (Metadata GC Threshold) 151M->139M(1024M) 4.499ms
[2024-06-18T00:56:36.936+0400][gc,cpu      ] GC(1) User=0.01s Sys=0.00s Real=0.00s
[2024-06-18T00:56:36.936+0400][gc          ] GC(2) Concurrent Mark Cycle
[2024-06-18T00:56:36.937+0400][gc,marking  ] GC(2) Concurrent Clear Claimed Marks
[2024-06-18T00:56:36.937+0400][gc,marking  ] GC(2) Concurrent Clear Claimed Marks 0.057ms
[2024-06-18T00:56:36.937+0400][gc,marking  ] GC(2) Concurrent Scan Root Regions
[2024-06-18T00:56:36.940+0400][gc,marking  ] GC(2) Concurrent Scan Root Regions 3.089ms
[2024-06-18T00:56:36.940+0400][gc,marking  ] GC(2) Concurrent Mark
[2024-06-18T00:56:36.940+0400][gc,marking  ] GC(2) Concurrent Mark From Roots
[2024-06-18T00:56:36.940+0400][gc,task     ] GC(2) Using 2 workers of 2 for marking
[2024-06-18T00:56:36.941+0400][gc,marking  ] GC(2) Concurrent Mark From Roots 1.540ms
[2024-06-18T00:56:36.941+0400][gc,marking  ] GC(2) Concurrent Preclean
[2024-06-18T00:56:36.941+0400][gc,marking  ] GC(2) Concurrent Preclean 0.025ms
[2024-06-18T00:56:36.942+0400][gc,start    ] GC(2) Pause Remark
[2024-06-18T00:56:36.943+0400][gc          ] GC(2) Pause Remark 140M->140M(1024M) 1.735ms
[2024-06-18T00:56:36.943+0400][gc,cpu      ] GC(2) User=0.00s Sys=0.00s Real=0.00s
[2024-06-18T00:56:36.943+0400][gc,marking  ] GC(2) Concurrent Mark 3.536ms
[2024-06-18T00:56:36.943+0400][gc,marking  ] GC(2) Concurrent Rebuild Remembered Sets
[2024-06-18T00:56:36.946+0400][gc,marking  ] GC(2) Concurrent Rebuild Remembered Sets 3.056ms
[2024-06-18T00:56:36.947+0400][gc,start    ] GC(2) Pause Cleanup
[2024-06-18T00:56:36.947+0400][gc          ] GC(2) Pause Cleanup 140M->140M(1024M) 0.815ms
[2024-06-18T00:56:36.947+0400][gc,cpu      ] GC(2) User=0.00s Sys=0.00s Real=0.00s
[2024-06-18T00:56:36.948+0400][gc,marking  ] GC(2) Concurrent Cleanup for Next Mark
[2024-06-18T00:56:36.949+0400][gc,marking  ] GC(2) Concurrent Cleanup for Next Mark 1.902ms
[2024-06-18T00:56:36.949+0400][gc          ] GC(2) Concurrent Mark Cycle 13.112ms
[2024-06-18T00:56:37.241+0400][gc,start    ] GC(3) Pause Young (Normal) (G1 Evacuation Pause)
[2024-06-18T00:56:37.241+0400][gc,task     ] GC(3) Using 8 workers of 8 for evacuation
[2024-06-18T00:56:37.243+0400][gc,phases   ] GC(3)   Pre Evacuate Collection Set: 0.1ms
[2024-06-18T00:56:37.243+0400][gc,phases   ] GC(3)   Merge Heap Roots: 0.0ms
[2024-06-18T00:56:37.243+0400][gc,phases   ] GC(3)   Evacuate Collection Set: 1.8ms
[2024-06-18T00:56:37.244+0400][gc,phases   ] GC(3)   Post Evacuate Collection Set: 0.2ms
[2024-06-18T00:56:37.244+0400][gc,phases   ] GC(3)   Other: 0.1ms
[2024-06-18T00:56:37.244+0400][gc,heap     ] GC(3) Eden regions: 48->0(44)
[2024-06-18T00:56:37.244+0400][gc,heap     ] GC(3) Survivor regions: 3->7(7)
[2024-06-18T00:56:37.244+0400][gc,heap     ] GC(3) Old regions: 8->8
[2024-06-18T00:56:37.244+0400][gc,heap     ] GC(3) Archive regions: 2->2
[2024-06-18T00:56:37.244+0400][gc,heap     ] GC(3) Humongous regions: 129->129
[2024-06-18T00:56:37.244+0400][gc,metaspace] GC(3) Metaspace: 32582K(32768K)->32582K(32768K) NonClass: 28960K(29056K)->28960K(29056K) Class: 3621K(3712K)->3621K(3712K)
[2024-06-18T00:56:37.244+0400][gc          ] GC(3) Pause Young (Normal) (G1 Evacuation Pause) 187M->143M(1024M) 2.328ms
[2024-06-18T00:56:37.244+0400][gc,cpu      ] GC(3) User=0.01s Sys=0.00s Real=0.00s
[2024-06-18T00:56:52.597+0400][gc,start    ] GC(4) Pause Young (Concurrent Start) (Metadata GC Threshold)
[2024-06-18T00:56:52.597+0400][gc,task     ] GC(4) Using 8 workers of 8 for evacuation
[2024-06-18T00:56:52.601+0400][gc,phases   ] GC(4)   Pre Evacuate Collection Set: 0.2ms
[2024-06-18T00:56:52.601+0400][gc,phases   ] GC(4)   Merge Heap Roots: 0.0ms
[2024-06-18T00:56:52.601+0400][gc,phases   ] GC(4)   Evacuate Collection Set: 3.2ms
[2024-06-18T00:56:52.601+0400][gc,phases   ] GC(4)   Post Evacuate Collection Set: 0.3ms
[2024-06-18T00:56:52.601+0400][gc,phases   ] GC(4)   Other: 0.3ms
[2024-06-18T00:56:52.601+0400][gc,heap     ] GC(4) Eden regions: 17->0(49)
[2024-06-18T00:56:52.601+0400][gc,heap     ] GC(4) Survivor regions: 7->2(7)
[2024-06-18T00:56:52.601+0400][gc,heap     ] GC(4) Old regions: 8->14
[2024-06-18T00:56:52.601+0400][gc,heap     ] GC(4) Archive regions: 2->2
[2024-06-18T00:56:52.601+0400][gc,heap     ] GC(4) Humongous regions: 129->129
[2024-06-18T00:56:52.601+0400][gc,metaspace] GC(4) Metaspace: 35989K(36288K)->35989K(36288K) NonClass: 31785K(31936K)->31785K(31936K) Class: 4203K(4352K)->4203K(4352K)
[2024-06-18T00:56:52.601+0400][gc          ] GC(4) Pause Young (Concurrent Start) (Metadata GC Threshold) 160M->145M(1024M) 4.012ms
[2024-06-18T00:56:52.601+0400][gc,cpu      ] GC(4) User=0.02s Sys=0.00s Real=0.01s
[2024-06-18T00:56:52.601+0400][gc          ] GC(5) Concurrent Mark Cycle
[2024-06-18T00:56:52.601+0400][gc,marking  ] GC(5) Concurrent Clear Claimed Marks
[2024-06-18T00:56:52.601+0400][gc,marking  ] GC(5) Concurrent Clear Claimed Marks 0.024ms
[2024-06-18T00:56:52.601+0400][gc,marking  ] GC(5) Concurrent Scan Root Regions
[2024-06-18T00:56:52.603+0400][gc,marking  ] GC(5) Concurrent Scan Root Regions 1.966ms
[2024-06-18T00:56:52.603+0400][gc,marking  ] GC(5) Concurrent Mark
[2024-06-18T00:56:52.603+0400][gc,marking  ] GC(5) Concurrent Mark From Roots
[2024-06-18T00:56:52.603+0400][gc,task     ] GC(5) Using 2 workers of 2 for marking
[2024-06-18T00:56:52.607+0400][gc,marking  ] GC(5) Concurrent Mark From Roots 3.445ms
[2024-06-18T00:56:52.607+0400][gc,marking  ] GC(5) Concurrent Preclean
[2024-06-18T00:56:52.607+0400][gc,marking  ] GC(5) Concurrent Preclean 0.029ms
[2024-06-18T00:56:52.607+0400][gc,start    ] GC(5) Pause Remark
[2024-06-18T00:56:52.608+0400][gc          ] GC(5) Pause Remark 146M->146M(1024M) 0.908ms
[2024-06-18T00:56:52.608+0400][gc,cpu      ] GC(5) User=0.00s Sys=0.00s Real=0.00s
[2024-06-18T00:56:52.608+0400][gc,marking  ] GC(5) Concurrent Mark 4.516ms
[2024-06-18T00:56:52.608+0400][gc,marking  ] GC(5) Concurrent Rebuild Remembered Sets
[2024-06-18T00:56:52.611+0400][gc,marking  ] GC(5) Concurrent Rebuild Remembered Sets 3.386ms
[2024-06-18T00:56:52.611+0400][gc,start    ] GC(5) Pause Cleanup
[2024-06-18T00:56:52.611+0400][gc          ] GC(5) Pause Cleanup 146M->146M(1024M) 0.115ms
[2024-06-18T00:56:52.611+0400][gc,cpu      ] GC(5) User=0.00s Sys=0.00s Real=0.00s
[2024-06-18T00:56:52.611+0400][gc,marking  ] GC(5) Concurrent Cleanup for Next Mark
[2024-06-18T00:56:52.613+0400][gc,marking  ] GC(5) Concurrent Cleanup for Next Mark 1.785ms
[2024-06-18T00:56:52.616+0400][gc          ] GC(5) Concurrent Mark Cycle 14.656ms
[2024-06-18T01:57:57.865+0400][gc,start    ] GC(6) Pause Young (Normal) (G1 Evacuation Pause)
[2024-06-18T01:57:57.865+0400][gc,task     ] GC(6) Using 8 workers of 8 for evacuation
[2024-06-18T01:57:57.888+0400][gc,mmu      ] GC(6) MMU target violated: 21.0ms (20.0ms/21.0ms)
[2024-06-18T01:57:57.888+0400][gc,phases   ] GC(6)   Pre Evacuate Collection Set: 0.9ms
[2024-06-18T01:57:57.888+0400][gc,phases   ] GC(6)   Merge Heap Roots: 0.2ms
[2024-06-18T01:57:57.888+0400][gc,phases   ] GC(6)   Evacuate Collection Set: 19.9ms
[2024-06-18T01:57:57.888+0400][gc,phases   ] GC(6)   Post Evacuate Collection Set: 0.9ms
[2024-06-18T01:57:57.888+0400][gc,phases   ] GC(6)   Other: 1.7ms
[2024-06-18T01:57:57.888+0400][gc,heap     ] GC(6) Eden regions: 49->0(48)
[2024-06-18T01:57:57.888+0400][gc,heap     ] GC(6) Survivor regions: 2->3(7)
[2024-06-18T01:57:57.888+0400][gc,heap     ] GC(6) Old regions: 14->14
[2024-06-18T01:57:57.888+0400][gc,heap     ] GC(6) Archive regions: 2->2
[2024-06-18T01:57:57.888+0400][gc,heap     ] GC(6) Humongous regions: 129->129
[2024-06-18T01:57:57.888+0400][gc,metaspace] GC(6) Metaspace: 39644K(40128K)->39644K(40128K) NonClass: 34838K(35136K)->34838K(35136K) Class: 4806K(4992K)->4806K(4992K)
[2024-06-18T01:57:57.889+0400][gc          ] GC(6) Pause Young (Normal) (G1 Evacuation Pause) 194M->145M(1024M) 24.077ms
[2024-06-18T01:57:57.889+0400][gc,cpu      ] GC(6) User=0.02s Sys=0.06s Real=0.02s
[2024-06-18T01:59:17.773+0400][gc,heap,exit] Heap
[2024-06-18T01:59:17.774+0400][gc,heap,exit]  garbage-first heap   total 1048576K, used 163520K [0x00000007c0000000, 0x0000000800000000)
[2024-06-18T01:59:17.774+0400][gc,heap,exit]   region size 1024K, 17 young (17408K), 3 survivors (3072K)
[2024-06-18T01:59:17.774+0400][gc,heap,exit]  Metaspace       used 40449K, committed 40832K, reserved 1114112K
[2024-06-18T01:59:17.774+0400][gc,heap,exit]   class space    used 4966K, committed 5120K, reserved 1048576K
