[2024-06-17T02:20:40.989+0400][gc] Using G1
[2024-06-17T02:20:40.990+0400][gc,init] Version: 17.0.10+11-LTS-240 (release)
[2024-06-17T02:20:40.990+0400][gc,init] CPUs: 8 total, 8 available
[2024-06-17T02:20:40.990+0400][gc,init] Memory: 8192M
[2024-06-17T02:20:40.990+0400][gc,init] Large Page Support: Disabled
[2024-06-17T02:20:40.990+0400][gc,init] NUMA Support: Disabled
[2024-06-17T02:20:40.990+0400][gc,init] Compressed Oops: Enabled (Zero based)
[2024-06-17T02:20:40.990+0400][gc,init] Heap Region Size: 1M
[2024-06-17T02:20:40.990+0400][gc,init] Heap Min Capacity: 512M
[2024-06-17T02:20:40.990+0400][gc,init] Heap Initial Capacity: 512M
[2024-06-17T02:20:40.990+0400][gc,init] Heap Max Capacity: 512M
[2024-06-17T02:20:40.990+0400][gc,init] Pre-touch: Disabled
[2024-06-17T02:20:40.990+0400][gc,init] Parallel Workers: 8
[2024-06-17T02:20:40.990+0400][gc,init] Concurrent Workers: 2
[2024-06-17T02:20:40.990+0400][gc,init] Concurrent Refinement Workers: 8
[2024-06-17T02:20:40.990+0400][gc,init] Periodic GC: Disabled
[2024-06-17T02:20:40.993+0400][gc,metaspace] CDS archive(s) mapped at: [0x000000f000000000-0x000000f000be0000-0x000000f000be0000), size 12451840, SharedBaseAddress: 0x000000f000000000, ArchiveRelocationMode: 1.
[2024-06-17T02:20:40.993+0400][gc,metaspace] Compressed class space mapped at: 0x000000f001000000-0x000000f041000000, reserved size: 1073741824
[2024-06-17T02:20:40.993+0400][gc,metaspace] Narrow klass base: 0x000000f000000000, Narrow klass shift: 0, Narrow klass range: 0x100000000
[2024-06-17T02:21:50.334+0400][gc,heap,exit] Heap
[2024-06-17T02:21:50.335+0400][gc,heap,exit]  garbage-first heap   total 524288K, used 26592K [0x00000007e0000000, 0x0000000800000000)
[2024-06-17T02:21:50.335+0400][gc,heap,exit]   region size 1024K, 25 young (25600K), 0 survivors (0K)
[2024-06-17T02:21:50.335+0400][gc,heap,exit]  Metaspace       used 7543K, committed 7744K, reserved 1114112K
[2024-06-17T02:21:50.335+0400][gc,heap,exit]   class space    used 860K, committed 960K, reserved 1048576K
