[2024-06-18T00:34:30.811+0400][gc] Using G1
[2024-06-18T00:34:30.812+0400][gc,init] Version: 17.0.10+11-LTS-240 (release)
[2024-06-18T00:34:30.812+0400][gc,init] CPUs: 8 total, 8 available
[2024-06-18T00:34:30.812+0400][gc,init] Memory: 8192M
[2024-06-18T00:34:30.812+0400][gc,init] Large Page Support: Disabled
[2024-06-18T00:34:30.812+0400][gc,init] NUMA Support: Disabled
[2024-06-18T00:34:30.812+0400][gc,init] Compressed Oops: Enabled (Zero based)
[2024-06-18T00:34:30.812+0400][gc,init] Heap Region Size: 1M
[2024-06-18T00:34:30.812+0400][gc,init] Heap Min Capacity: 512M
[2024-06-18T00:34:30.812+0400][gc,init] Heap Initial Capacity: 512M
[2024-06-18T00:34:30.812+0400][gc,init] Heap Max Capacity: 512M
[2024-06-18T00:34:30.812+0400][gc,init] Pre-touch: Disabled
[2024-06-18T00:34:30.812+0400][gc,init] Parallel Workers: 8
[2024-06-18T00:34:30.812+0400][gc,init] Concurrent Workers: 2
[2024-06-18T00:34:30.812+0400][gc,init] Concurrent Refinement Workers: 8
[2024-06-18T00:34:30.812+0400][gc,init] Periodic GC: Disabled
[2024-06-18T00:34:30.815+0400][gc,metaspace] CDS archive(s) mapped at: [0x000000f000000000-0x000000f000be0000-0x000000f000be0000), size 12451840, SharedBaseAddress: 0x000000f000000000, ArchiveRelocationMode: 1.
[2024-06-18T00:34:30.815+0400][gc,metaspace] Compressed class space mapped at: 0x000000f001000000-0x000000f041000000, reserved size: 1073741824
[2024-06-18T00:34:30.815+0400][gc,metaspace] Narrow klass base: 0x000000f000000000, Narrow klass shift: 0, Narrow klass range: 0x100000000
[2024-06-18T00:48:50.221+0400][gc,start    ] GC(0) Pause Young (Normal) (G1 Evacuation Pause)
[2024-06-18T00:48:50.222+0400][gc,task     ] GC(0) Using 8 workers of 8 for evacuation
[2024-06-18T00:48:50.229+0400][gc,phases   ] GC(0)   Pre Evacuate Collection Set: 0.4ms
[2024-06-18T00:48:50.229+0400][gc,phases   ] GC(0)   Merge Heap Roots: 0.0ms
[2024-06-18T00:48:50.229+0400][gc,phases   ] GC(0)   Evacuate Collection Set: 5.7ms
[2024-06-18T00:48:50.229+0400][gc,phases   ] GC(0)   Post Evacuate Collection Set: 0.4ms
[2024-06-18T00:48:50.229+0400][gc,phases   ] GC(0)   Other: 1.6ms
[2024-06-18T00:48:50.229+0400][gc,heap     ] GC(0) Eden regions: 25->0(21)
[2024-06-18T00:48:50.229+0400][gc,heap     ] GC(0) Survivor regions: 0->4(4)
[2024-06-18T00:48:50.229+0400][gc,heap     ] GC(0) Old regions: 0->4
[2024-06-18T00:48:50.229+0400][gc,heap     ] GC(0) Archive regions: 2->2
[2024-06-18T00:48:50.229+0400][gc,heap     ] GC(0) Humongous regions: 0->0
[2024-06-18T00:48:50.230+0400][gc,metaspace] GC(0) Metaspace: 7647K(7808K)->7647K(7808K) NonClass: 6779K(6848K)->6779K(6848K) Class: 868K(960K)->868K(960K)
[2024-06-18T00:48:50.230+0400][gc          ] GC(0) Pause Young (Normal) (G1 Evacuation Pause) 25M->8M(512M) 8.309ms
[2024-06-18T00:48:50.230+0400][gc,cpu      ] GC(0) User=0.01s Sys=0.02s Real=0.01s
[2024-06-18T00:52:58.037+0400][gc,heap,exit] Heap
[2024-06-18T00:52:58.037+0400][gc,heap,exit]  garbage-first heap   total 524288K, used 10993K [0x00000007e0000000, 0x0000000800000000)
[2024-06-18T00:52:58.037+0400][gc,heap,exit]   region size 1024K, 7 young (7168K), 4 survivors (4096K)
[2024-06-18T00:52:58.037+0400][gc,heap,exit]  Metaspace       used 7727K, committed 7936K, reserved 1114112K
[2024-06-18T00:52:58.037+0400][gc,heap,exit]   class space    used 875K, committed 960K, reserved 1048576K
