[2024-06-18T15:24:51.520+0400][gc] Using G1
[2024-06-18T15:24:51.521+0400][gc,init] Version: 17.0.10+11-LTS-240 (release)
[2024-06-18T15:24:51.521+0400][gc,init] CPUs: 8 total, 8 available
[2024-06-18T15:24:51.521+0400][gc,init] Memory: 8192M
[2024-06-18T15:24:51.521+0400][gc,init] Large Page Support: Disabled
[2024-06-18T15:24:51.521+0400][gc,init] NUMA Support: Disabled
[2024-06-18T15:24:51.521+0400][gc,init] Compressed Oops: Enabled (Zero based)
[2024-06-18T15:24:51.521+0400][gc,init] Heap Region Size: 1M
[2024-06-18T15:24:51.521+0400][gc,init] Heap Min Capacity: 512M
[2024-06-18T15:24:51.521+0400][gc,init] Heap Initial Capacity: 512M
[2024-06-18T15:24:51.521+0400][gc,init] Heap Max Capacity: 512M
[2024-06-18T15:24:51.521+0400][gc,init] Pre-touch: Disabled
[2024-06-18T15:24:51.521+0400][gc,init] Parallel Workers: 8
[2024-06-18T15:24:51.521+0400][gc,init] Concurrent Workers: 2
[2024-06-18T15:24:51.521+0400][gc,init] Concurrent Refinement Workers: 8
[2024-06-18T15:24:51.521+0400][gc,init] Periodic GC: Disabled
[2024-06-18T15:24:51.524+0400][gc,metaspace] CDS archive(s) mapped at: [0x0000007000000000-0x0000007000be0000-0x0000007000be0000), size 12451840, SharedBaseAddress: 0x0000007000000000, ArchiveRelocationMode: 1.
[2024-06-18T15:24:51.524+0400][gc,metaspace] Compressed class space mapped at: 0x0000007001000000-0x0000007041000000, reserved size: 1073741824
[2024-06-18T15:24:51.524+0400][gc,metaspace] Narrow klass base: 0x0000007000000000, Narrow klass shift: 0, Narrow klass range: 0x100000000
[2024-06-18T15:27:59.381+0400][gc,start    ] GC(0) Pause Young (Normal) (G1 Evacuation Pause)
[2024-06-18T15:27:59.382+0400][gc,task     ] GC(0) Using 8 workers of 8 for evacuation
[2024-06-18T15:27:59.405+0400][gc,mmu      ] GC(0) MMU target violated: 21.0ms (20.0ms/21.0ms)
[2024-06-18T15:27:59.405+0400][gc,phases   ] GC(0)   Pre Evacuate Collection Set: 0.2ms
[2024-06-18T15:27:59.405+0400][gc,phases   ] GC(0)   Merge Heap Roots: 0.1ms
[2024-06-18T15:27:59.405+0400][gc,phases   ] GC(0)   Evacuate Collection Set: 22.7ms
[2024-06-18T15:27:59.405+0400][gc,phases   ] GC(0)   Post Evacuate Collection Set: 0.3ms
[2024-06-18T15:27:59.405+0400][gc,phases   ] GC(0)   Other: 0.6ms
[2024-06-18T15:27:59.405+0400][gc,heap     ] GC(0) Eden regions: 25->0(21)
[2024-06-18T15:27:59.405+0400][gc,heap     ] GC(0) Survivor regions: 0->4(4)
[2024-06-18T15:27:59.405+0400][gc,heap     ] GC(0) Old regions: 0->4
[2024-06-18T15:27:59.405+0400][gc,heap     ] GC(0) Archive regions: 2->2
[2024-06-18T15:27:59.405+0400][gc,heap     ] GC(0) Humongous regions: 0->0
[2024-06-18T15:27:59.405+0400][gc,metaspace] GC(0) Metaspace: 7752K(7872K)->7752K(7872K) NonClass: 6867K(6912K)->6867K(6912K) Class: 884K(960K)->884K(960K)
[2024-06-18T15:27:59.405+0400][gc          ] GC(0) Pause Young (Normal) (G1 Evacuation Pause) 25M->8M(512M) 24.116ms
[2024-06-18T15:27:59.405+0400][gc,cpu      ] GC(0) User=0.01s Sys=0.04s Real=0.02s
[2024-06-18T15:27:59.406+0400][gc,heap,exit] Heap
[2024-06-18T15:27:59.406+0400][gc,heap,exit]  garbage-first heap   total 524288K, used 9105K [0x00000007e0000000, 0x0000000800000000)
[2024-06-18T15:27:59.406+0400][gc,heap,exit]   region size 1024K, 5 young (5120K), 4 survivors (4096K)
[2024-06-18T15:27:59.406+0400][gc,heap,exit]  Metaspace       used 7755K, committed 7872K, reserved 1114112K
[2024-06-18T15:27:59.406+0400][gc,heap,exit]   class space    used 884K, committed 960K, reserved 1048576K
